                                 Started job on |	Feb 26 02:22:51
                             Started mapping on |	Feb 26 02:24:38
                                    Finished on |	Feb 26 02:24:40
       Mapping speed, Million of reads per hour |	1.80

                          Number of input reads |	1000
                      Average input read length |	185
                                    UNIQUE READS:
                   Uniquely mapped reads number |	881
                        Uniquely mapped reads % |	88.10%
                          Average mapped length |	188.41
                       Number of splices: Total |	447
            Number of splices: Annotated (sjdb) |	443
                       Number of splices: GT/AG |	444
                       Number of splices: GC/AG |	3
                       Number of splices: AT/AC |	0
               Number of splices: Non-canonical |	0
                      Mismatch rate per base, % |	0.51%
                         Deletion rate per base |	0.01%
                        Deletion average length |	1.88
                        Insertion rate per base |	0.01%
                       Insertion average length |	1.00
                             MULTI-MAPPING READS:
        Number of reads mapped to multiple loci |	0
             % of reads mapped to multiple loci |	0.00%
        Number of reads mapped to too many loci |	43
             % of reads mapped to too many loci |	4.30%
                                  UNMAPPED READS:
  Number of reads unmapped: too many mismatches |	0
       % of reads unmapped: too many mismatches |	0.00%
            Number of reads unmapped: too short |	75
                 % of reads unmapped: too short |	7.50%
                Number of reads unmapped: other |	1
                     % of reads unmapped: other |	0.10%
                                  CHIMERIC READS:
                       Number of chimeric reads |	0
                            % of chimeric reads |	0.00%
