                                 Started job on |	Feb 26 02:30:23
                             Started mapping on |	Feb 26 02:30:38
                                    Finished on |	Feb 26 02:30:40
       Mapping speed, Million of reads per hour |	1.80

                          Number of input reads |	1000
                      Average input read length |	187
                                    UNIQUE READS:
                   Uniquely mapped reads number |	888
                        Uniquely mapped reads % |	88.80%
                          Average mapped length |	188.55
                       Number of splices: Total |	499
            Number of splices: Annotated (sjdb) |	495
                       Number of splices: GT/AG |	496
                       Number of splices: GC/AG |	3
                       Number of splices: AT/AC |	0
               Number of splices: Non-canonical |	0
                      Mismatch rate per base, % |	0.39%
                         Deletion rate per base |	0.01%
                        Deletion average length |	1.44
                        Insertion rate per base |	0.01%
                       Insertion average length |	1.62
                             MULTI-MAPPING READS:
        Number of reads mapped to multiple loci |	0
             % of reads mapped to multiple loci |	0.00%
        Number of reads mapped to too many loci |	52
             % of reads mapped to too many loci |	5.20%
                                  UNMAPPED READS:
  Number of reads unmapped: too many mismatches |	0
       % of reads unmapped: too many mismatches |	0.00%
            Number of reads unmapped: too short |	59
                 % of reads unmapped: too short |	5.90%
                Number of reads unmapped: other |	1
                     % of reads unmapped: other |	0.10%
                                  CHIMERIC READS:
                       Number of chimeric reads |	0
                            % of chimeric reads |	0.00%
