                                 Started job on |	Feb 26 02:35:58
                             Started mapping on |	Feb 26 02:36:14
                                    Finished on |	Feb 26 02:36:15
       Mapping speed, Million of reads per hour |	3.60

                          Number of input reads |	1000
                      Average input read length |	190
                                    UNIQUE READS:
                   Uniquely mapped reads number |	876
                        Uniquely mapped reads % |	87.60%
                          Average mapped length |	192.52
                       Number of splices: Total |	463
            Number of splices: Annotated (sjdb) |	459
                       Number of splices: GT/AG |	461
                       Number of splices: GC/AG |	2
                       Number of splices: AT/AC |	0
               Number of splices: Non-canonical |	0
                      Mismatch rate per base, % |	0.38%
                         Deletion rate per base |	0.01%
                        Deletion average length |	1.27
                        Insertion rate per base |	0.01%
                       Insertion average length |	1.56
                             MULTI-MAPPING READS:
        Number of reads mapped to multiple loci |	0
             % of reads mapped to multiple loci |	0.00%
        Number of reads mapped to too many loci |	68
             % of reads mapped to too many loci |	6.80%
                                  UNMAPPED READS:
  Number of reads unmapped: too many mismatches |	0
       % of reads unmapped: too many mismatches |	0.00%
            Number of reads unmapped: too short |	56
                 % of reads unmapped: too short |	5.60%
                Number of reads unmapped: other |	0
                     % of reads unmapped: other |	0.00%
                                  CHIMERIC READS:
                       Number of chimeric reads |	0
                            % of chimeric reads |	0.00%
