           Time    Speed        Read     Read   Mapped   Mapped   Mapped   Mapped Unmapped Unmapped Unmapped Unmapped
                    M/hr      number   length   unique   length   MMrate    multi   multi+       MM    short    other
Feb 26 02:30:38	Started 1st pass mapping
Feb 26 02:30:39      3.6        1000      187    88.8%    188.5     0.4%     0.0%     5.2%     0.0%     5.9%     0.1%
Feb 26 02:30:40	Finished 1st pass mapping
ALL DONE!
