                                 Started job on |	Feb 26 02:41:35
                             Started mapping on |	Feb 26 02:43:23
                                    Finished on |	Feb 26 02:43:36
       Mapping speed, Million of reads per hour |	0.28

                          Number of input reads |	1000
                      Average input read length |	188
                                    UNIQUE READS:
                   Uniquely mapped reads number |	860
                        Uniquely mapped reads % |	86.00%
                          Average mapped length |	191.00
                       Number of splices: Total |	407
            Number of splices: Annotated (sjdb) |	406
                       Number of splices: GT/AG |	407
                       Number of splices: GC/AG |	0
                       Number of splices: AT/AC |	0
               Number of splices: Non-canonical |	0
                      Mismatch rate per base, % |	0.45%
                         Deletion rate per base |	0.00%
                        Deletion average length |	1.17
                        Insertion rate per base |	0.00%
                       Insertion average length |	1.00
                             MULTI-MAPPING READS:
        Number of reads mapped to multiple loci |	0
             % of reads mapped to multiple loci |	0.00%
        Number of reads mapped to too many loci |	84
             % of reads mapped to too many loci |	8.40%
                                  UNMAPPED READS:
  Number of reads unmapped: too many mismatches |	0
       % of reads unmapped: too many mismatches |	0.00%
            Number of reads unmapped: too short |	56
                 % of reads unmapped: too short |	5.60%
                Number of reads unmapped: other |	0
                     % of reads unmapped: other |	0.00%
                                  CHIMERIC READS:
                       Number of chimeric reads |	0
                            % of chimeric reads |	0.00%
