           Time    Speed        Read     Read   Mapped   Mapped   Mapped   Mapped Unmapped Unmapped Unmapped Unmapped
                    M/hr      number   length   unique   length   MMrate    multi   multi+       MM    short    other
Feb 26 02:41:50	Started 1st pass mapping
Feb 26 02:41:51      3.6        1000      188    86.0%    191.0     0.5%     0.0%     8.4%     0.0%     5.6%     0.0%
Feb 26 02:41:51	Finished 1st pass mapping
ALL DONE!
