           Time    Speed        Read     Read   Mapped   Mapped   Mapped   Mapped Unmapped Unmapped Unmapped Unmapped
                    M/hr      number   length   unique   length   MMrate    multi   multi+       MM    short    other
Feb 26 02:24:38	Started 1st pass mapping
Feb 26 02:24:40      1.8        1000      185    88.1%    188.4     0.5%     0.0%     4.3%     0.0%     7.5%     0.1%
Feb 26 02:24:40	Finished 1st pass mapping
ALL DONE!
