                                 Started job on |	Feb 26 02:38:47
                             Started mapping on |	Feb 26 02:40:35
                                    Finished on |	Feb 26 02:40:44
       Mapping speed, Million of reads per hour |	0.40

                          Number of input reads |	1000
                      Average input read length |	184
                                    UNIQUE READS:
                   Uniquely mapped reads number |	826
                        Uniquely mapped reads % |	82.60%
                          Average mapped length |	190.76
                       Number of splices: Total |	433
            Number of splices: Annotated (sjdb) |	433
                       Number of splices: GT/AG |	430
                       Number of splices: GC/AG |	2
                       Number of splices: AT/AC |	1
               Number of splices: Non-canonical |	0
                      Mismatch rate per base, % |	0.49%
                         Deletion rate per base |	0.01%
                        Deletion average length |	1.33
                        Insertion rate per base |	0.00%
                       Insertion average length |	1.00
                             MULTI-MAPPING READS:
        Number of reads mapped to multiple loci |	0
             % of reads mapped to multiple loci |	0.00%
        Number of reads mapped to too many loci |	68
             % of reads mapped to too many loci |	6.80%
                                  UNMAPPED READS:
  Number of reads unmapped: too many mismatches |	0
       % of reads unmapped: too many mismatches |	0.00%
            Number of reads unmapped: too short |	106
                 % of reads unmapped: too short |	10.60%
                Number of reads unmapped: other |	0
                     % of reads unmapped: other |	0.00%
                                  CHIMERIC READS:
                       Number of chimeric reads |	0
                            % of chimeric reads |	0.00%
