           Time    Speed        Read     Read   Mapped   Mapped   Mapped   Mapped Unmapped Unmapped Unmapped Unmapped
                    M/hr      number   length   unique   length   MMrate    multi   multi+       MM    short    other
Feb 26 02:39:02	Started 1st pass mapping
Feb 26 02:39:04      1.8        1000      184    82.6%    190.8     0.5%     0.0%     6.8%     0.0%    10.6%     0.0%
Feb 26 02:39:04	Finished 1st pass mapping
ALL DONE!
