                                 Started job on |	Feb 26 02:33:57
                             Started mapping on |	Feb 26 02:35:45
                                    Finished on |	Feb 26 02:35:54
       Mapping speed, Million of reads per hour |	0.40

                          Number of input reads |	1000
                      Average input read length |	184
                                    UNIQUE READS:
                   Uniquely mapped reads number |	852
                        Uniquely mapped reads % |	85.20%
                          Average mapped length |	189.58
                       Number of splices: Total |	472
            Number of splices: Annotated (sjdb) |	472
                       Number of splices: GT/AG |	472
                       Number of splices: GC/AG |	0
                       Number of splices: AT/AC |	0
               Number of splices: Non-canonical |	0
                      Mismatch rate per base, % |	0.43%
                         Deletion rate per base |	0.00%
                        Deletion average length |	1.20
                        Insertion rate per base |	0.00%
                       Insertion average length |	1.40
                             MULTI-MAPPING READS:
        Number of reads mapped to multiple loci |	0
             % of reads mapped to multiple loci |	0.00%
        Number of reads mapped to too many loci |	48
             % of reads mapped to too many loci |	4.80%
                                  UNMAPPED READS:
  Number of reads unmapped: too many mismatches |	0
       % of reads unmapped: too many mismatches |	0.00%
            Number of reads unmapped: too short |	100
                 % of reads unmapped: too short |	10.00%
                Number of reads unmapped: other |	0
                     % of reads unmapped: other |	0.00%
                                  CHIMERIC READS:
                       Number of chimeric reads |	0
                            % of chimeric reads |	0.00%
