           Time    Speed        Read     Read   Mapped   Mapped   Mapped   Mapped Unmapped Unmapped Unmapped Unmapped
                    M/hr      number   length   unique   length   MMrate    multi   multi+       MM    short    other
Feb 26 02:34:12	Started 1st pass mapping
Feb 26 02:34:14      1.8        1000      184    85.2%    189.6     0.4%     0.0%     4.8%     0.0%    10.0%     0.0%
Feb 26 02:34:14	Finished 1st pass mapping
ALL DONE!
