                                 Started job on |	Feb 26 02:27:13
                             Started mapping on |	Feb 26 02:30:10
                                    Finished on |	Feb 26 02:30:18
       Mapping speed, Million of reads per hour |	0.45

                          Number of input reads |	999
                      Average input read length |	186
                                    UNIQUE READS:
                   Uniquely mapped reads number |	813
                        Uniquely mapped reads % |	81.38%
                          Average mapped length |	190.50
                       Number of splices: Total |	490
            Number of splices: Annotated (sjdb) |	488
                       Number of splices: GT/AG |	483
                       Number of splices: GC/AG |	5
                       Number of splices: AT/AC |	0
               Number of splices: Non-canonical |	2
                      Mismatch rate per base, % |	0.52%
                         Deletion rate per base |	0.02%
                        Deletion average length |	1.44
                        Insertion rate per base |	0.01%
                       Insertion average length |	1.09
                             MULTI-MAPPING READS:
        Number of reads mapped to multiple loci |	0
             % of reads mapped to multiple loci |	0.00%
        Number of reads mapped to too many loci |	85
             % of reads mapped to too many loci |	8.51%
                                  UNMAPPED READS:
  Number of reads unmapped: too many mismatches |	0
       % of reads unmapped: too many mismatches |	0.00%
            Number of reads unmapped: too short |	101
                 % of reads unmapped: too short |	10.11%
                Number of reads unmapped: other |	0
                     % of reads unmapped: other |	0.00%
                                  CHIMERIC READS:
                       Number of chimeric reads |	0
                            % of chimeric reads |	0.00%
