           Time    Speed        Read     Read   Mapped   Mapped   Mapped   Mapped Unmapped Unmapped Unmapped Unmapped
                    M/hr      number   length   unique   length   MMrate    multi   multi+       MM    short    other
Feb 26 02:36:14	Started 1st pass mapping
Feb 26 02:36:15      3.6        1000      190    87.6%    192.5     0.4%     0.0%     6.8%     0.0%     5.6%     0.0%
Feb 26 02:36:15	Finished 1st pass mapping
ALL DONE!
